../Core/Src/main.c:108:5:main	168	static
../Core/Src/main.c:346:6:SystemClock_Config	88	static
../Core/Src/main.c:393:13:MX_ADC1_Init	56	static
../Core/Src/main.c:461:13:MX_TIM1_Init	104	static
../Core/Src/main.c:537:13:MX_TIM2_Init	40	static
../Core/Src/main.c:582:13:MX_USART2_UART_Init	8	static
../Core/Src/main.c:628:13:MX_DMA_Init	16	static
../Core/Src/main.c:647:13:MX_GPIO_Init	40	static
../Core/Src/main.c:685:6:HAL_UART_RxCpltCallback	16	static
../Core/Src/main.c:690:6:HAL_GPIO_EXTI_Callback	16	static
../Core/Src/main.c:697:6:HAL_ADC_ConvCpltCallback	16	static
../Core/Src/main.c:712:6:HAL_TIM_PeriodElapsedCallback	16	static
../Core/Src/main.c:729:6:Error_Handler	4	static,ignoring_inline_asm
