../Core/Src/main.c:119:6:start_PWM	8	static
../Core/Src/main.c:126:6:stop_PWM	8	static
../Core/Src/main.c:133:6:changement_alpha	16	static
../Core/Src/main.c:142:6:GPIO_ISO_RESET	8	static
../Core/Src/main.c:155:5:main	160	static
../Core/Src/main.c:409:6:SystemClock_Config	88	static
../Core/Src/main.c:456:13:MX_ADC1_Init	56	static
../Core/Src/main.c:524:13:MX_TIM1_Init	104	static
../Core/Src/main.c:600:13:MX_TIM2_Init	40	static
../Core/Src/main.c:645:13:MX_TIM3_Init	40	static
../Core/Src/main.c:690:13:MX_TIM4_Init	56	static
../Core/Src/main.c:739:13:MX_USART2_UART_Init	8	static
../Core/Src/main.c:785:13:MX_DMA_Init	16	static
../Core/Src/main.c:804:13:MX_GPIO_Init	48	static
../Core/Src/main.c:850:6:HAL_UART_RxCpltCallback	16	static
../Core/Src/main.c:863:6:HAL_GPIO_EXTI_Callback	16	static
../Core/Src/main.c:880:6:HAL_TIM_PeriodElapsedCallback	16	static
../Core/Src/main.c:897:6:Error_Handler	4	static,ignoring_inline_asm
